INFO: [VRFC 10-2263] Analyzing Verilog file "C:/Users/bless/Downloads/BoooC CNN-Accelerator-Based-on-Eyeriss-v2 master FPGA_design-src/CSC_encoder/CSC_encoderr.v" into library xil_defaultlib
INFO: [VRFC 10-311] analyzing module CSC_Encoder
INFO: [VRFC 10-2263] Analyzing Verilog file "C:/Users/bless/Downloads/BoooC CNN-Accelerator-Based-on-Eyeriss-v2 master FPGA_design-src/CSC_encoder/CSC_encoderr_FIFO.v" into library xil_defaultlib
INFO: [VRFC 10-311] analyzing module CSC_switch_FIFO
INFO: [VRFC 10-2263] Analyzing Verilog file "C:/Users/bless/Downloads/BoooC CNN-Accelerator-Based-on-Eyeriss-v2 master FPGA_design-src/Cluster_Group/Cluster_Group.v" into library xil_defaultlib
INFO: [VRFC 10-311] analyzing module ClusterGroup
INFO: [VRFC 10-2263] Analyzing Verilog file "C:/Users/bless/Downloads/BoooC CNN-Accelerator-Based-on-Eyeriss-v2 master FPGA_design-src/Cluster_Group/Cluster_Group_Controller.v" into library xil_defaultlib
INFO: [VRFC 10-311] analyzing module Cluster_Group_Controller
WARNING: [VRFC 10-3380] identifier 'GLB_iact_all_write_fin' is used before its declaration [C:/Users/bless/Downloads/BoooC CNN-Accelerator-Based-on-Eyeriss-v2 master FPGA_design-src/Cluster_Group/Cluster_Group_Controller.v:144]
INFO: [VRFC 10-2263] Analyzing Verilog file "C:/Users/bless/Downloads/BoooC CNN-Accelerator-Based-on-Eyeriss-v2 master FPGA_design-src/Cluster_Group/Cluster_Group_array.v" into library xil_defaultlib
INFO: [VRFC 10-311] analyzing module ClusterGroup_array
INFO: [VRFC 10-2263] Analyzing Verilog file "C:/Users/bless/Downloads/BoooC CNN-Accelerator-Based-on-Eyeriss-v2 master FPGA_design-src/PE_Cluster/PE/SPad/Former_addr_Spad.v" into library xil_defaultlib
INFO: [VRFC 10-311] analyzing module Former_Address_Spad
INFO: [VRFC 10-2263] Analyzing Verilog file "C:/Users/bless/Downloads/BoooC CNN-Accelerator-Based-on-Eyeriss-v2 master FPGA_design-src/PE_Cluster/PE/SPad/Former_data_Spad.v" into library xil_defaultlib
INFO: [VRFC 10-311] analyzing module Former_Data_Spad
INFO: [VRFC 10-311] analyzing module Iact_DATA_Spad_BRAM
INFO: [VRFC 10-2263] Analyzing Verilog file "C:/Users/bless/Downloads/BoooC CNN-Accelerator-Based-on-Eyeriss-v2 master FPGA_design-src/GLB_Cluster/GLB_Cluster.v" into library xil_defaultlib
INFO: [VRFC 10-311] analyzing module GLB_Cluster
INFO: [VRFC 10-2263] Analyzing Verilog file "C:/Users/bless/Downloads/BoooC CNN-Accelerator-Based-on-Eyeriss-v2 master FPGA_design-src/Router_Cluster/Iact_Router.v" into library xil_defaultlib
INFO: [VRFC 10-311] analyzing module Iact_Router
INFO: [VRFC 10-2263] Analyzing Verilog file "C:/Users/bless/Downloads/BoooC CNN-Accelerator-Based-on-Eyeriss-v2 master FPGA_design-src/GLB_Cluster/Iact_SRAM_Bank.v" into library xil_defaultlib
INFO: [VRFC 10-311] analyzing module Iact_SRAM_Bank
WARNING: [VRFC 10-2938] 'addr_SRAM_write_en' is already implicitly declared on line 60 [C:/Users/bless/Downloads/BoooC CNN-Accelerator-Based-on-Eyeriss-v2 master FPGA_design-src/GLB_Cluster/Iact_SRAM_Bank.v:94]
WARNING: [VRFC 10-2938] 'addr_SRAM_write_done' is already implicitly declared on line 61 [C:/Users/bless/Downloads/BoooC CNN-Accelerator-Based-on-Eyeriss-v2 master FPGA_design-src/GLB_Cluster/Iact_SRAM_Bank.v:95]
WARNING: [VRFC 10-2938] 'addr_SRAM_read_en' is already implicitly declared on line 62 [C:/Users/bless/Downloads/BoooC CNN-Accelerator-Based-on-Eyeriss-v2 master FPGA_design-src/GLB_Cluster/Iact_SRAM_Bank.v:96]
WARNING: [VRFC 10-2938] 'addr_SRAM_read_done' is already implicitly declared on line 64 [C:/Users/bless/Downloads/BoooC CNN-Accelerator-Based-on-Eyeriss-v2 master FPGA_design-src/GLB_Cluster/Iact_SRAM_Bank.v:97]
WARNING: [VRFC 10-2938] 'data_SRAM_write_en' is already implicitly declared on line 76 [C:/Users/bless/Downloads/BoooC CNN-Accelerator-Based-on-Eyeriss-v2 master FPGA_design-src/GLB_Cluster/Iact_SRAM_Bank.v:99]
WARNING: [VRFC 10-2938] 'data_SRAM_write_done' is already implicitly declared on line 77 [C:/Users/bless/Downloads/BoooC CNN-Accelerator-Based-on-Eyeriss-v2 master FPGA_design-src/GLB_Cluster/Iact_SRAM_Bank.v:100]
WARNING: [VRFC 10-2938] 'data_SRAM_read_en' is already implicitly declared on line 78 [C:/Users/bless/Downloads/BoooC CNN-Accelerator-Based-on-Eyeriss-v2 master FPGA_design-src/GLB_Cluster/Iact_SRAM_Bank.v:101]
WARNING: [VRFC 10-2938] 'data_SRAM_read_done' is already implicitly declared on line 80 [C:/Users/bless/Downloads/BoooC CNN-Accelerator-Based-on-Eyeriss-v2 master FPGA_design-src/GLB_Cluster/Iact_SRAM_Bank.v:102]
WARNING: [VRFC 10-2938] 'addr_SRAM_read_addr' is already implicitly declared on line 63 [C:/Users/bless/Downloads/BoooC CNN-Accelerator-Based-on-Eyeriss-v2 master FPGA_design-src/GLB_Cluster/Iact_SRAM_Bank.v:107]
WARNING: [VRFC 10-2938] 'data_SRAM_read_addr' is already implicitly declared on line 79 [C:/Users/bless/Downloads/BoooC CNN-Accelerator-Based-on-Eyeriss-v2 master FPGA_design-src/GLB_Cluster/Iact_SRAM_Bank.v:108]
INFO: [VRFC 10-2263] Analyzing Verilog file "C:/Users/bless/Downloads/BoooC CNN-Accelerator-Based-on-Eyeriss-v2 master FPGA_design-src/GLB_Cluster/Iact_addr_SRAM.v" into library xil_defaultlib
INFO: [VRFC 10-311] analyzing module iact_addr_SRAM
INFO: [VRFC 10-311] analyzing module Iact_Addr_SRAM_BRAM
INFO: [VRFC 10-2263] Analyzing Verilog file "C:/Users/bless/Downloads/BoooC CNN-Accelerator-Based-on-Eyeriss-v2 master FPGA_design-src/GLB_Cluster/Iact_data_SRAM.v" into library xil_defaultlib
INFO: [VRFC 10-311] analyzing module lact_data_SRAM
INFO: [VRFC 10-2263] Analyzing Verilog file "C:/Users/bless/Downloads/BoooC CNN-Accelerator-Based-on-Eyeriss-v2 master FPGA_design-src/PE_Cluster/PE/SPad/Later_addr_Spad.v" into library xil_defaultlib
INFO: [VRFC 10-311] analyzing module Later_Address_Spad
INFO: [VRFC 10-2263] Analyzing Verilog file "C:/Users/bless/Downloads/BoooC CNN-Accelerator-Based-on-Eyeriss-v2 master FPGA_design-src/PE_Cluster/PE/SPad/Later_data_Spad.v" into library xil_defaultlib
INFO: [VRFC 10-311] analyzing module Later_Data_Spad
INFO: [VRFC 10-311] analyzing module Weight_DATA_Spad_BRAM
INFO: [VRFC 10-2263] Analyzing Verilog file "C:/Users/bless/Downloads/BoooC CNN-Accelerator-Based-on-Eyeriss-v2 master FPGA_design-src/Pooling/Max_pooling.v" into library xil_defaultlib
INFO: [VRFC 10-311] analyzing module Max_pooling
INFO: [VRFC 10-2263] Analyzing Verilog file "C:/Users/bless/Downloads/BoooC CNN-Accelerator-Based-on-Eyeriss-v2 master FPGA_design-src/PE_Cluster/PE_Cluster.v" into library xil_defaultlib
INFO: [VRFC 10-311] analyzing module PE_Cluster
INFO: [VRFC 10-2263] Analyzing Verilog file "C:/Users/bless/Downloads/BoooC CNN-Accelerator-Based-on-Eyeriss-v2 master FPGA_design-src/PE_Cluster/PE_Cluster_Data_Connections.v" into library xil_defaultlib
INFO: [VRFC 10-311] analyzing module PE_Cluster_Connection
INFO: [VRFC 10-2263] Analyzing Verilog file "C:/Users/bless/Downloads/BoooC CNN-Accelerator-Based-on-Eyeriss-v2 master FPGA_design-src/PE_Cluster/PE_Cluster_controller.v" into library xil_defaultlib
INFO: [VRFC 10-311] analyzing module PE_Cluster_controller
INFO: [VRFC 10-2263] Analyzing Verilog file "C:/Users/bless/Downloads/BoooC CNN-Accelerator-Based-on-Eyeriss-v2 master FPGA_design-src/PE_Cluster/PE/PE_data_FIFO.v" into library xil_defaultlib
INFO: [VRFC 10-311] analyzing module PE_data_FIFO
INFO: [VRFC 10-2263] Analyzing Verilog file "C:/Users/bless/Downloads/BoooC CNN-Accelerator-Based-on-Eyeriss-v2 master FPGA_design-src/PE_Cluster/PE/PE_psum_FIFO.v" into library xil_defaultlib
INFO: [VRFC 10-311] analyzing module PE_psum_FIFO
INFO: [VRFC 10-2263] Analyzing Verilog file "C:/Users/bless/Downloads/BoooC CNN-Accelerator-Based-on-Eyeriss-v2 master FPGA_design-src/PE_Cluster/PE/Processing_Element.v" into library xil_defaultlib
INFO: [VRFC 10-311] analyzing module ProcessingElement
INFO: [VRFC 10-2263] Analyzing Verilog file "C:/Users/bless/Downloads/BoooC CNN-Accelerator-Based-on-Eyeriss-v2 master FPGA_design-src/PE_Cluster/PE/Processing_Element_Controller.v" into library xil_defaultlib
INFO: [VRFC 10-311] analyzing module Processing_Element_Controller
INFO: [VRFC 10-2263] Analyzing Verilog file "C:/Users/bless/Downloads/BoooC CNN-Accelerator-Based-on-Eyeriss-v2 master FPGA_design-src/PE_Cluster/PE/Processing_Element_core.v" into library xil_defaultlib
INFO: [VRFC 10-311] analyzing module Processing_Element_core
INFO: [VRFC 10-2263] Analyzing Verilog file "C:/Users/bless/Downloads/BoooC CNN-Accelerator-Based-on-Eyeriss-v2 master FPGA_design-src/Quantizer/Psum_Requantizer.v" into library xil_defaultlib
INFO: [VRFC 10-311] analyzing module Psum_Requantizer
INFO: [VRFC 10-2263] Analyzing Verilog file "C:/Users/bless/Downloads/BoooC CNN-Accelerator-Based-on-Eyeriss-v2 master FPGA_design-src/Router_Cluster/Psum_Router.v" into library xil_defaultlib
INFO: [VRFC 10-311] analyzing module Psum_Router
INFO: [VRFC 10-2263] Analyzing Verilog file "C:/Users/bless/Downloads/BoooC CNN-Accelerator-Based-on-Eyeriss-v2 master FPGA_design-src/GLB_Cluster/Psum_SRAM_Bank.v" into library xil_defaultlib
INFO: [VRFC 10-311] analyzing module Psum_SRAM_Bank
INFO: [VRFC 10-311] analyzing module Psum_Data_SRAM_BRAM
INFO: [VRFC 10-2263] Analyzing Verilog file "C:/Users/bless/Downloads/BoooC CNN-Accelerator-Based-on-Eyeriss-v2 master FPGA_design-src/TOP/Psum_SRAM_out_acc.v" into library xil_defaultlib
INFO: [VRFC 10-311] analyzing module psum_SRAM_out_acc
INFO: [VRFC 10-2263] Analyzing Verilog file "C:/Users/bless/Downloads/BoooC CNN-Accelerator-Based-on-Eyeriss-v2 master FPGA_design-src/PE_Cluster/PE/SPad/Psum_Spad.v" into library xil_defaultlib
INFO: [VRFC 10-311] analyzing module Psum_Spad
INFO: [VRFC 10-311] analyzing module Psum_DATA_Spad_BRAM
INFO: [VRFC 10-311] analyzing module Iact_Data_SRAM_BRAM
INFO: [VRFC 10-2263] Analyzing Verilog file "C:/Users/bless/Downloads/BoooC CNN-Accelerator-Based-on-Eyeriss-v2 master FPGA_design-src/TOP/Psum_rearrange.v" into library xil_defaultlib
INFO: [VRFC 10-311] analyzing module psum_rearrange
INFO: [VRFC 10-311] analyzing module Psum_Rearrange_BRAM
INFO: [VRFC 10-2263] Analyzing Verilog file "C:/Users/bless/Downloads/BoooC CNN-Accelerator-Based-on-Eyeriss-v2 master FPGA_design-src/Activation/ReLU.v" into library xil_defaultlib
INFO: [VRFC 10-311] analyzing module ReLU
INFO: [VRFC 10-2263] Analyzing Verilog file "C:/Users/bless/Downloads/BoooC CNN-Accelerator-Based-on-Eyeriss-v2 master FPGA_design-src/Router_Cluster/Router_Cluster.v" into library xil_defaultlib
INFO: [VRFC 10-311] analyzing module Router_Cluster
INFO: [VRFC 10-2263] Analyzing Verilog file "C:/Users/bless/Downloads/BoooC CNN-Accelerator-Based-on-Eyeriss-v2 master FPGA_design-src/Activation/Softmax.v" into library xil_defaultlib
INFO: [VRFC 10-311] analyzing module softmax
INFO: [VRFC 10-2263] Analyzing Verilog file "C:/Users/bless/Downloads/BoooC CNN-Accelerator-Based-on-Eyeriss-v2 master FPGA_design-src/TOP/TOP.v" into library xil_defaultlib
INFO: [VRFC 10-311] analyzing module TOP
INFO: [VRFC 10-2263] Analyzing Verilog file "C:/Users/bless/Downloads/BoooC CNN-Accelerator-Based-on-Eyeriss-v2 master FPGA_design-src/TOP/TOP_controller.v" into library xil_defaultlib
INFO: [VRFC 10-311] analyzing module TOP_controller
WARNING: [VRFC 10-3380] identifier 'layer0_flag' is used before its declaration [C:/Users/bless/Downloads/BoooC CNN-Accelerator-Based-on-Eyeriss-v2 master FPGA_design-src/TOP/TOP_controller.v:426]
WARNING: [VRFC 10-3380] identifier 'layer1_flag' is used before its declaration [C:/Users/bless/Downloads/BoooC CNN-Accelerator-Based-on-Eyeriss-v2 master FPGA_design-src/TOP/TOP_controller.v:427]
WARNING: [VRFC 10-3380] identifier 'layer2_flag' is used before its declaration [C:/Users/bless/Downloads/BoooC CNN-Accelerator-Based-on-Eyeriss-v2 master FPGA_design-src/TOP/TOP_controller.v:428]
WARNING: [VRFC 10-3380] identifier 'layer3_flag' is used before its declaration [C:/Users/bless/Downloads/BoooC CNN-Accelerator-Based-on-Eyeriss-v2 master FPGA_design-src/TOP/TOP_controller.v:429]
WARNING: [VRFC 10-3380] identifier 'layer4_flag' is used before its declaration [C:/Users/bless/Downloads/BoooC CNN-Accelerator-Based-on-Eyeriss-v2 master FPGA_design-src/TOP/TOP_controller.v:430]
WARNING: [VRFC 10-3380] identifier 'layer0_flag' is used before its declaration [C:/Users/bless/Downloads/BoooC CNN-Accelerator-Based-on-Eyeriss-v2 master FPGA_design-src/TOP/TOP_controller.v:432]
WARNING: [VRFC 10-3380] identifier 'layer1_flag' is used before its declaration [C:/Users/bless/Downloads/BoooC CNN-Accelerator-Based-on-Eyeriss-v2 master FPGA_design-src/TOP/TOP_controller.v:433]
WARNING: [VRFC 10-3380] identifier 'layer2_flag' is used before its declaration [C:/Users/bless/Downloads/BoooC CNN-Accelerator-Based-on-Eyeriss-v2 master FPGA_design-src/TOP/TOP_controller.v:434]
WARNING: [VRFC 10-3380] identifier 'layer3_flag' is used before its declaration [C:/Users/bless/Downloads/BoooC CNN-Accelerator-Based-on-Eyeriss-v2 master FPGA_design-src/TOP/TOP_controller.v:435]
WARNING: [VRFC 10-3380] identifier 'layer4_flag' is used before its declaration [C:/Users/bless/Downloads/BoooC CNN-Accelerator-Based-on-Eyeriss-v2 master FPGA_design-src/TOP/TOP_controller.v:436]
WARNING: [VRFC 10-3380] identifier 'layer0_flag' is used before its declaration [C:/Users/bless/Downloads/BoooC CNN-Accelerator-Based-on-Eyeriss-v2 master FPGA_design-src/TOP/TOP_controller.v:438]
WARNING: [VRFC 10-3380] identifier 'layer1_flag' is used before its declaration [C:/Users/bless/Downloads/BoooC CNN-Accelerator-Based-on-Eyeriss-v2 master FPGA_design-src/TOP/TOP_controller.v:439]
WARNING: [VRFC 10-3380] identifier 'layer2_flag' is used before its declaration [C:/Users/bless/Downloads/BoooC CNN-Accelerator-Based-on-Eyeriss-v2 master FPGA_design-src/TOP/TOP_controller.v:440]
WARNING: [VRFC 10-3380] identifier 'layer3_flag' is used before its declaration [C:/Users/bless/Downloads/BoooC CNN-Accelerator-Based-on-Eyeriss-v2 master FPGA_design-src/TOP/TOP_controller.v:441]
WARNING: [VRFC 10-3380] identifier 'layer4_flag' is used before its declaration [C:/Users/bless/Downloads/BoooC CNN-Accelerator-Based-on-Eyeriss-v2 master FPGA_design-src/TOP/TOP_controller.v:442]
WARNING: [VRFC 10-3380] identifier 'layer0_flag' is used before its declaration [C:/Users/bless/Downloads/BoooC CNN-Accelerator-Based-on-Eyeriss-v2 master FPGA_design-src/TOP/TOP_controller.v:444]
WARNING: [VRFC 10-3380] identifier 'layer1_flag' is used before its declaration [C:/Users/bless/Downloads/BoooC CNN-Accelerator-Based-on-Eyeriss-v2 master FPGA_design-src/TOP/TOP_controller.v:445]
WARNING: [VRFC 10-3380] identifier 'layer2_flag' is used before its declaration [C:/Users/bless/Downloads/BoooC CNN-Accelerator-Based-on-Eyeriss-v2 master FPGA_design-src/TOP/TOP_controller.v:446]
WARNING: [VRFC 10-3380] identifier 'layer3_flag' is used before its declaration [C:/Users/bless/Downloads/BoooC CNN-Accelerator-Based-on-Eyeriss-v2 master FPGA_design-src/TOP/TOP_controller.v:447]
WARNING: [VRFC 10-3380] identifier 'layer4_flag' is used before its declaration [C:/Users/bless/Downloads/BoooC CNN-Accelerator-Based-on-Eyeriss-v2 master FPGA_design-src/TOP/TOP_controller.v:448]
WARNING: [VRFC 10-3380] identifier 'layer0_flag' is used before its declaration [C:/Users/bless/Downloads/BoooC CNN-Accelerator-Based-on-Eyeriss-v2 master FPGA_design-src/TOP/TOP_controller.v:450]
WARNING: [VRFC 10-3380] identifier 'layer1_flag' is used before its declaration [C:/Users/bless/Downloads/BoooC CNN-Accelerator-Based-on-Eyeriss-v2 master FPGA_design-src/TOP/TOP_controller.v:451]
WARNING: [VRFC 10-3380] identifier 'layer2_flag' is used before its declaration [C:/Users/bless/Downloads/BoooC CNN-Accelerator-Based-on-Eyeriss-v2 master FPGA_design-src/TOP/TOP_controller.v:452]
WARNING: [VRFC 10-3380] identifier 'layer3_flag' is used before its declaration [C:/Users/bless/Downloads/BoooC CNN-Accelerator-Based-on-Eyeriss-v2 master FPGA_design-src/TOP/TOP_controller.v:453]
WARNING: [VRFC 10-3380] identifier 'layer4_flag' is used before its declaration [C:/Users/bless/Downloads/BoooC CNN-Accelerator-Based-on-Eyeriss-v2 master FPGA_design-src/TOP/TOP_controller.v:454]
WARNING: [VRFC 10-3380] identifier 'layer0_flag' is used before its declaration [C:/Users/bless/Downloads/BoooC CNN-Accelerator-Based-on-Eyeriss-v2 master FPGA_design-src/TOP/TOP_controller.v:456]
WARNING: [VRFC 10-3380] identifier 'layer1_flag' is used before its declaration [C:/Users/bless/Downloads/BoooC CNN-Accelerator-Based-on-Eyeriss-v2 master FPGA_design-src/TOP/TOP_controller.v:457]
INFO: [VRFC 10-2263] Analyzing Verilog file "C:/Users/bless/Downloads/BoooC CNN-Accelerator-Based-on-Eyeriss-v2 master FPGA_design-src/Router_Cluster/Weight_Router.v" into library xil_defaultlib
INFO: [VRFC 10-311] analyzing module Weight_Router
INFO: [VRFC 10-2263] Analyzing Verilog file "C:/Users/bless/Downloads/BoooC CNN-Accelerator-Based-on-Eyeriss-v2 master FPGA_design-src/im2col_converter/im2col_converter.v" into library xil_defaultlib
INFO: [VRFC 10-311] analyzing module im2col_converter
INFO: [VRFC 10-2263] Analyzing Verilog file "C:/Users/bless/Downloads/BoooC CNN-Accelerator-Based-on-Eyeriss-v2 master FPGA_design-test/tb/TOP_test/TOP_tb.v" into library xil_defaultlib
INFO: [VRFC 10-311] analyzing module TOP_tb
